// Jest Snapshot v1, https://goo.gl/fbAQLP

exports[`PhotoControl test suite even number of photos 1`] = `
Array [
  <Text
    style={
      Object {
        "fontSize": 15,
        "marginTop": 3,
      }
    }
  >
    Select Photos (limit 4)
  </Text>,
  <View
    accessible={true}
    collapsable={false}
    focusable={true}
    onBlur={[Function]}
    onClick={[Function]}
    onFocus={[Function]}
    onResponderGrant={[Function]}
    onResponderMove={[Function]}
    onResponderRelease={[Function]}
    onResponderTerminate={[Function]}
    onResponderTerminationRequest={[Function]}
    onStartShouldSetResponder={[Function]}
    testID="photo-selector"
  >
    <View
      style={
        Object {
          "flex": 1,
          "flexDirection": "row",
        }
      }
    >
      <View
        style={
          Object {
            "flex": 1,
            "height": 100,
            "margin": 1,
          }
        }
      >
        <Image
          source={
            Object {
              "uri": "",
            }
          }
          style={
            Object {
              "borderColor": "black",
              "borderRadius": 2,
              "borderWidth": 1,
              "height": "100%",
              "width": "100%",
            }
          }
        />
      </View>
      <View
        style={
          Object {
            "flex": 1,
            "height": 100,
            "margin": 1,
          }
        }
      >
        <Image
          source={
            Object {
              "uri": "",
            }
          }
          style={
            Object {
              "borderColor": "black",
              "borderRadius": 2,
              "borderWidth": 1,
              "height": "100%",
              "width": "100%",
            }
          }
        />
      </View>
    </View>
  </View>,
]
`;

exports[`PhotoControl test suite odd number of photos 1`] = `
Array [
  <Text
    style={
      Object {
        "fontSize": 15,
        "marginTop": 3,
      }
    }
  >
    Select Photos (limit 4)
  </Text>,
  <View
    accessible={true}
    collapsable={false}
    focusable={true}
    onBlur={[Function]}
    onClick={[Function]}
    onFocus={[Function]}
    onResponderGrant={[Function]}
    onResponderMove={[Function]}
    onResponderRelease={[Function]}
    onResponderTerminate={[Function]}
    onResponderTerminationRequest={[Function]}
    onStartShouldSetResponder={[Function]}
    testID="photo-selector"
  >
    <View
      style={
        Object {
          "flex": 1,
          "flexDirection": "row",
        }
      }
    >
      <View
        style={
          Object {
            "flex": 1,
            "height": 100,
            "margin": 1,
          }
        }
      >
        <Image
          source={
            Object {
              "uri": "",
            }
          }
          style={
            Object {
              "borderColor": "black",
              "borderRadius": 2,
              "borderWidth": 1,
              "height": "100%",
              "width": "100%",
            }
          }
        />
      </View>
    </View>
  </View>,
]
`;
