// Jest Snapshot v1, https://goo.gl/fbAQLP

exports[`App snapshot renders the loading screen 1`] = `null`;

exports[`App snapshot renders the root without loading screen 1`] = `
<View
  style={
    Object {
      "backgroundColor": "#fff",
      "flex": 1,
    }
  }
>
  <View
    style={
      Object {
        "flex": 1,
        "marginTop": 30,
        "paddingHorizontal": 10,
      }
    }
  >
    <View
      style={
        Object {
          "flexDirection": "row",
          "justifyContent": "center",
        }
      }
    >
      <Text />
      <Text
        style={
          Object {
            "fontSize": 25,
            "fontWeight": "bold",
            "marginTop": 1,
            "textAlign": "center",
          }
        }
      >
        Living Snow Project
      </Text>
      <Text />
    </View>
    <Text
      style={
        Object {
          "color": "red",
          "fontSize": 12,
          "marginBottom": 20,
          "marginLeft": 20,
          "marginRight": 20,
          "marginTop": 20,
          "textAlign": "center",
        }
      }
    >
      Enter your name and organization you are associated with, if any, so we don't have to keep asking. You can change these at any time in the Settings tab.
    </Text>
    <Text
      style={
        Object {
          "fontSize": 15,
          "marginTop": 3,
        }
      }
    >
      Name
    </Text>
    <TextInput
      allowFontScaling={true}
      maxLength={50}
      onChangeText={[Function]}
      placeholder="Enter your name"
      rejectResponderTermination={true}
      returnKeyType="done"
      style={
        Object {
          "backgroundColor": "#efefef",
          "borderColor": "gray",
          "borderRadius": 4,
          "borderWidth": 1,
          "paddingHorizontal": 15,
          "paddingVertical": 15,
        }
      }
      underlineColorAndroid="transparent"
    />
    <Text
      style={
        Object {
          "fontSize": 15,
          "marginTop": 3,
        }
      }
    >
      Organization
    </Text>
    <TextInput
      allowFontScaling={true}
      maxLength={50}
      onChangeText={[Function]}
      placeholder="Enter the organization you belong to (if any)"
      rejectResponderTermination={true}
      returnKeyType="done"
      style={
        Object {
          "backgroundColor": "#efefef",
          "borderColor": "gray",
          "borderRadius": 4,
          "borderWidth": 1,
          "paddingHorizontal": 15,
          "paddingVertical": 15,
        }
      }
      underlineColorAndroid="transparent"
    />
    <View
      style={
        Object {
          "alignItems": "center",
          "flex": 2,
          "justifyContent": "flex-start",
          "marginTop": 30,
        }
      }
    >
      <View
        accessible={true}
        focusable={true}
        onClick={[Function]}
        onResponderGrant={[Function]}
        onResponderMove={[Function]}
        onResponderRelease={[Function]}
        onResponderTerminate={[Function]}
        onResponderTerminationRequest={[Function]}
        onStartShouldSetResponder={[Function]}
        style={
          Object {
            "opacity": 1,
          }
        }
      >
        <View
          style={
            Object {
              "backgroundColor": "lightpink",
              "borderRadius": 5,
              "height": 40,
              "justifyContent": "center",
              "width": 200,
            }
          }
        >
          <Text
            style={
              Object {
                "fontSize": 20,
                "fontWeight": "bold",
                "textAlign": "center",
              }
            }
          >
            Let's get started!
          </Text>
        </View>
      </View>
    </View>
  </View>
</View>
`;
