// Jest Snapshot v1, https://goo.gl/fbAQLP

exports[`Icons test suite android picture icon 1`] = `
<RNCSafeAreaProvider
  onInsetsChange={[Function]}
  style={
    [
      {
        "flex": 1,
      },
      undefined,
    ]
  }
>
  <Text />
</RNCSafeAreaProvider>
`;

exports[`Icons test suite android snow icon 1`] = `
<RNCSafeAreaProvider
  onInsetsChange={[Function]}
  style={
    [
      {
        "flex": 1,
      },
      undefined,
    ]
  }
>
  <Text />
</RNCSafeAreaProvider>
`;

exports[`Icons test suite ios picture icon 1`] = `
<RNCSafeAreaProvider
  onInsetsChange={[Function]}
  style={
    [
      {
        "flex": 1,
      },
      undefined,
    ]
  }
>
  <Text />
</RNCSafeAreaProvider>
`;

exports[`Icons test suite ios snow icon 1`] = `
<RNCSafeAreaProvider
  onInsetsChange={[Function]}
  style={
    [
      {
        "flex": 1,
      },
      undefined,
    ]
  }
>
  <Text />
</RNCSafeAreaProvider>
`;
