// Jest Snapshot v1, https://goo.gl/fbAQLP

exports[`KeyboardShift test suite renders on android 1`] = `
<View
  collapsable={false}
  style={
    {
      "height": "100%",
      "left": 0,
      "position": "absolute",
      "top": 0,
      "transform": [
        {
          "translateY": 0,
        },
      ],
      "width": "100%",
    }
  }
>
  <TextInput />
</View>
`;

exports[`KeyboardShift test suite renders on ios 1`] = `
<View
  collapsable={false}
  style={
    {
      "height": "100%",
      "left": 0,
      "position": "absolute",
      "top": 0,
      "transform": [
        {
          "translateY": 0,
        },
      ],
      "width": "100%",
    }
  }
>
  <TextInput />
</View>
`;
