// Jest Snapshot v1, https://goo.gl/fbAQLP

exports[`TimelineRow test suite renders 1`] = `
<RNCSafeAreaProvider
  onInsetsChange={[Function]}
  style={
    Array [
      Object {
        "flex": 1,
      },
      undefined,
    ]
  }
>
  <View
    accessible={true}
    collapsable={false}
    dataSet={Object {}}
    focusable={true}
    onBlur={[Function]}
    onClick={[Function]}
    onFocus={[Function]}
    onResponderGrant={[Function]}
    onResponderMove={[Function]}
    onResponderRelease={[Function]}
    onResponderTerminate={[Function]}
    onResponderTerminationRequest={[Function]}
    onStartShouldSetResponder={[Function]}
    style={Object {}}
    testID="1234"
  >
    <View
      dataSet={Object {}}
      style={
        Object {
          "paddingBottom": 4,
          "paddingLeft": 8,
          "paddingRight": 8,
          "paddingTop": 4,
        }
      }
    >
      <View
        dataSet={Object {}}
        style={Object {}}
      >
        <View
          dataSet={Object {}}
          style={
            Object {
              "flexDirection": "row",
            }
          }
        >
          <View
            dataSet={Object {}}
            style={
              Object {
                "width": "15%",
              }
            }
          >
            <View
              dataSet={Object {}}
              style={
                Object {
                  "alignItems": "center",
                  "backgroundColor": "#d8b4fe",
                  "borderColor": "#27272a",
                  "borderRadius": 9999,
                  "height": 48,
                  "justifyContent": "center",
                  "marginTop": 4,
                  "position": "relative",
                  "width": 48,
                }
              }
            >
              <Text
                dataSet={Object {}}
                style={
                  Object {
                    "backgroundColor": undefined,
                    "color": "#fafafa",
                    "fontFamily": undefined,
                    "fontSize": 16,
                    "fontStyle": "normal",
                    "fontWeight": "600",
                    "letterSpacing": 0,
                    "lineHeight": 24,
                    "textDecorationLine": undefined,
                  }
                }
              >
                TN
              </Text>
            </View>
          </View>
          <View
            dataSet={Object {}}
            style={
              Object {
                "paddingRight": 4,
                "width": "78%",
              }
            }
          >
            <View
              dataSet={Object {}}
              style={
                Object {
                  "marginLeft": 8,
                }
              }
            >
              <Text
                dataSet={Object {}}
                style={
                  Object {
                    "backgroundColor": undefined,
                    "color": "#171717",
                    "fontFamily": undefined,
                    "fontSize": 14,
                    "fontStyle": "normal",
                    "fontWeight": "600",
                    "letterSpacing": 0,
                    "lineHeight": 21,
                    "textDecorationLine": undefined,
                  }
                }
              >
                test name
              </Text>
              <View
                dataSet={Object {}}
                style={Object {}}
              />
              <Text
                dataSet={Object {}}
                style={
                  Object {
                    "backgroundColor": undefined,
                    "color": "#171717",
                    "fontFamily": undefined,
                    "fontSize": 14,
                    "fontStyle": "normal",
                    "fontWeight": "400",
                    "letterSpacing": 0,
                    "lineHeight": 21,
                    "textDecorationLine": undefined,
                  }
                }
              >
                test org
              </Text>
              <View
                dataSet={Object {}}
                style={Object {}}
              />
              <Text
                dataSet={Object {}}
                style={
                  Object {
                    "backgroundColor": undefined,
                    "color": "#db2777",
                    "fontFamily": undefined,
                    "fontSize": 14,
                    "fontStyle": "normal",
                    "fontWeight": "700",
                    "letterSpacing": 0,
                    "lineHeight": 21,
                    "textDecorationLine": undefined,
                  }
                }
              >
                Sample, 2021-09-16
              </Text>
            </View>
          </View>
          <View
            dataSet={Object {}}
            style={Object {}}
          />
          <View
            dataSet={Object {}}
            style={
              Object {
                "width": "7%",
              }
            }
          />
        </View>
        <View
          dataSet={Object {}}
          style={Object {}}
        />
        <Text
          dataSet={Object {}}
          style={
            Object {
              "backgroundColor": undefined,
              "color": "#171717",
              "fontFamily": undefined,
              "fontSize": 14,
              "fontStyle": "normal",
              "fontWeight": "500",
              "letterSpacing": 0,
              "lineHeight": 21,
              "textDecorationLine": undefined,
            }
          }
        >
          test location
        </Text>
        <View
          dataSet={Object {}}
          style={Object {}}
        />
        <Text
          dataSet={Object {}}
          style={
            Object {
              "backgroundColor": undefined,
              "color": "#171717",
              "fontFamily": undefined,
              "fontSize": 14,
              "fontStyle": "normal",
              "fontWeight": "400",
              "letterSpacing": 0,
              "lineHeight": 21,
              "textDecorationLine": undefined,
            }
          }
        >
          test notes
        </Text>
      </View>
    </View>
    <View
      dataSet={Object {}}
      style={
        Object {
          "flexDirection": "row",
        }
      }
    >
      <View
        dataSet={Object {}}
        style={
          Object {
            "alignItems": "center",
            "height": 2925,
            "justifyContent": "center",
            "width": 372,
          }
        }
      >
        <ActivityIndicator
          accessibilityLabel="loading"
          accessible={true}
          color="#0891b2"
          size="large"
          style={
            Array [
              Array [
                Object {},
                Object {
                  "dataSet": Object {},
                },
                Object {},
              ],
              undefined,
            ]
          }
        />
        <Text
          dataSet={Object {}}
          style={
            Object {
              "backgroundColor": undefined,
              "color": "#171717",
              "fontFamily": undefined,
              "fontSize": 14,
              "fontStyle": "normal",
              "fontWeight": "400",
              "letterSpacing": 0,
              "lineHeight": 21,
              "textDecorationLine": undefined,
            }
          }
        >
          Loading
        </Text>
      </View>
      <View
        dataSet={Object {}}
        style={Object {}}
      />
      <View
        dataSet={Object {}}
        style={
          Object {
            "paddingRight": 6,
          }
        }
      />
      <View
        dataSet={Object {}}
        style={Object {}}
      />
      <View
        dataSet={Object {}}
        style={
          Object {
            "alignItems": "center",
            "height": 2925,
            "justifyContent": "center",
            "width": 372,
          }
        }
      >
        <ActivityIndicator
          accessibilityLabel="loading"
          accessible={true}
          color="#0891b2"
          size="large"
          style={
            Array [
              Array [
                Object {},
                Object {
                  "dataSet": Object {},
                },
                Object {},
              ],
              undefined,
            ]
          }
        />
        <Text
          dataSet={Object {}}
          style={
            Object {
              "backgroundColor": undefined,
              "color": "#171717",
              "fontFamily": undefined,
              "fontSize": 14,
              "fontStyle": "normal",
              "fontWeight": "400",
              "letterSpacing": 0,
              "lineHeight": 21,
              "textDecorationLine": undefined,
            }
          }
        >
          Loading
        </Text>
      </View>
    </View>
  </View>
  <View
    dataSet={Object {}}
    style={
      Object {
        "backgroundColor": "#d6d3d1",
        "height": 12,
        "width": "100%",
      }
    }
  />
</RNCSafeAreaProvider>
`;
