// Jest Snapshot v1, https://goo.gl/fbAQLP

exports[`ImagesPickerScreen test suite renders ios 1`] = `
<View
  bgColor="white"
  style={
    Array [
      Object {
        "backgroundColor": "white",
        "flexBasis": 0,
        "flexGrow": 1,
        "flexShrink": 1,
      },
      Object {
        "borderRadius": 5,
        "overflow": "hidden",
      },
    ]
  }
>
  <View
    style={
      Array [
        Object {
          "alignItems": "center",
          "flexDirection": "row",
          "height": 45,
          "justifyContent": "space-between",
          "marginBottom": 0,
          "marginLeft": "auto",
          "marginRight": "auto",
          "marginTop": 0,
          "paddingBottom": 5,
          "paddingLeft": 5,
          "paddingRight": 5,
          "paddingTop": 5,
          "width": "98%",
        },
      ]
    }
  >
    <View
      accessible={true}
      collapsable={false}
      focusable={true}
      onClick={[Function]}
      onResponderGrant={[Function]}
      onResponderMove={[Function]}
      onResponderRelease={[Function]}
      onResponderTerminate={[Function]}
      onResponderTerminationRequest={[Function]}
      onStartShouldSetResponder={[Function]}
      style={
        Object {
          "alignItems": "center",
          "height": 38,
          "justifyContent": "center",
          "opacity": 1,
          "width": 100,
        }
      }
    >
      <Text
        style={Object {}}
      >
        Back
      </Text>
    </View>
    <Text
      style={
        Object {
          "color": "black",
        }
      }
    >
      0
       
    </Text>
    <View
      accessible={true}
      collapsable={false}
      focusable={true}
      onClick={[Function]}
      onResponderGrant={[Function]}
      onResponderMove={[Function]}
      onResponderRelease={[Function]}
      onResponderTerminate={[Function]}
      onResponderTerminationRequest={[Function]}
      onStartShouldSetResponder={[Function]}
      style={
        Object {
          "alignItems": "center",
          "height": 38,
          "justifyContent": "center",
          "opacity": 1,
          "width": 100,
        }
      }
    >
      <Text
        style={Object {}}
      >
        Finish
      </Text>
    </View>
  </View>
  <View
    style={
      Array [
        Object {
          "flex": 1,
          "justifyContent": "center",
        },
        Object {
          "flexDirection": "row",
          "justifyContent": "space-around",
          "padding": 10,
        },
      ]
    }
  >
    <ActivityIndicator
      color="blue"
      size="large"
    />
  </View>
</View>
`;
