// Jest Snapshot v1, https://goo.gl/fbAQLP

exports[`ImagesPickerScreen test suite renders ios 1`] = `
<RNCSafeAreaProvider
  onInsetsChange={[Function]}
  style={
    Array [
      Object {
        "flex": 1,
      },
      undefined,
    ]
  }
>
  <View
    bgColor="white"
    style={
      Array [
        Object {
          "backgroundColor": "white",
          "flexBasis": 0,
          "flexGrow": 1,
          "flexShrink": 1,
        },
        Object {
          "borderRadius": 5,
          "overflow": "hidden",
        },
      ]
    }
  >
    <View
      style={
        Array [
          Object {
            "flex": 1,
            "justifyContent": "center",
          },
          Object {
            "flexDirection": "row",
            "justifyContent": "space-around",
            "padding": 10,
          },
        ]
      }
    >
      <ActivityIndicator
        color="#0891b2"
        size="large"
      />
    </View>
  </View>
</RNCSafeAreaProvider>
`;
