// Jest Snapshot v1, https://goo.gl/fbAQLP

exports[`SettingsScreen test suite renders 1`] = `
<RNCSafeAreaProvider
  onInsetsChange={[Function]}
  style={
    [
      {
        "flex": 1,
      },
      undefined,
    ]
  }
>
  <View
    dataSet={{}}
    style={{}}
  >
    <View
      dataSet={{}}
      style={{}}
    >
      <View
        dataSet={{}}
        style={
          {
            "marginBottom": 4,
          }
        }
      >
        <View
          dataSet={{}}
          style={
            {
              "paddingLeft": 8,
              "paddingRight": 8,
            }
          }
        >
          <Text
            dataSet={{}}
            style={
              {
                "backgroundColor": undefined,
                "color": "#171717",
                "fontFamily": undefined,
                "fontSize": 16,
                "fontStyle": "normal",
                "fontWeight": "700",
                "letterSpacing": 0,
                "lineHeight": 20,
                "marginBottom": 4,
                "marginTop": 4,
                "textDecorationLine": undefined,
              }
            }
          >
            Profile
          </Text>
          <View
            dataSet={{}}
            isInvalid={false}
            isRequired={false}
            style={
              {
                "width": "100%",
              }
            }
          >
            <View
              dataSet={{}}
              feedbackId="field-3-feedback"
              hasFeedbackText={true}
              hasHelpText={false}
              helpTextId="field-3-helptext"
              isDisabled={false}
              isInvalid={false}
              isReadOnly={false}
              isRequired={false}
              labelId="field-3-label"
              nativeID="field-3-label"
              setHasFeedbackText={[Function]}
              setHasHelpText={[Function]}
              style={
                {
                  "flexDirection": "row",
                  "justifyContent": "flex-start",
                  "marginBottom": 4,
                  "marginTop": 4,
                }
              }
            >
              <Text
                dataSet={{}}
                style={
                  {
                    "backgroundColor": undefined,
                    "color": "#737373",
                    "fontFamily": undefined,
                    "fontSize": 14,
                    "fontStyle": "normal",
                    "fontWeight": "500",
                    "letterSpacing": 0,
                    "lineHeight": 21,
                    "textDecorationLine": undefined,
                  }
                }
              >
                Name
              </Text>
            </View>
            <View
              dataSet={{}}
              isFocused={false}
              style={
                {
                  "alignItems": "center",
                  "borderColor": "#d4d4d4",
                  "borderRadius": 4,
                  "borderWidth": 1,
                  "flexDirection": "row",
                  "overflow": "hidden",
                }
              }
            >
              <TextInput
                accessibilityDescribedBy="field-3-feedback"
                accessible={true}
                blurOnSubmit={false}
                dataSet={{}}
                disabled={false}
                editable={true}
                isRequired={false}
                maxLength={50}
                nativeID="field-3-input"
                onBlur={[Function]}
                onChangeText={[Function]}
                onFocus={[Function]}
                onKeyPress={[Function]}
                onSubmitEditing={[Function]}
                placeholder="Enter your name"
                placeholderTextColor="#a3a3a3"
                readOnly={false}
                required={false}
                returnKeyType="done"
                secureTextEntry={false}
                style={
                  {
                    "backgroundColor": "transparent",
                    "color": "#171717",
                    "flex": 1,
                    "fontFamily": undefined,
                    "fontSize": 16,
                    "fontStyle": "normal",
                    "fontWeight": "400",
                    "height": "100%",
                    "paddingBottom": 8,
                    "paddingLeft": 12,
                    "paddingRight": 12,
                    "paddingTop": 8,
                    "width": "100%",
                  }
                }
              />
            </View>
          </View>
          <View
            dataSet={{}}
            isInvalid={false}
            isRequired={false}
            style={
              {
                "width": "100%",
              }
            }
          >
            <View
              dataSet={{}}
              feedbackId="field-4-feedback"
              hasFeedbackText={true}
              hasHelpText={false}
              helpTextId="field-4-helptext"
              isDisabled={false}
              isInvalid={false}
              isReadOnly={false}
              isRequired={false}
              labelId="field-4-label"
              nativeID="field-4-label"
              setHasFeedbackText={[Function]}
              setHasHelpText={[Function]}
              style={
                {
                  "flexDirection": "row",
                  "justifyContent": "flex-start",
                  "marginBottom": 4,
                  "marginTop": 4,
                }
              }
            >
              <Text
                dataSet={{}}
                style={
                  {
                    "backgroundColor": undefined,
                    "color": "#737373",
                    "fontFamily": undefined,
                    "fontSize": 14,
                    "fontStyle": "normal",
                    "fontWeight": "500",
                    "letterSpacing": 0,
                    "lineHeight": 21,
                    "textDecorationLine": undefined,
                  }
                }
              >
                Organization
              </Text>
            </View>
            <View
              dataSet={{}}
              isFocused={false}
              style={
                {
                  "alignItems": "center",
                  "borderColor": "#d4d4d4",
                  "borderRadius": 4,
                  "borderWidth": 1,
                  "flexDirection": "row",
                  "overflow": "hidden",
                }
              }
            >
              <TextInput
                accessibilityDescribedBy="field-4-feedback"
                accessible={true}
                blurOnSubmit={true}
                dataSet={{}}
                disabled={false}
                editable={true}
                isRequired={false}
                maxLength={50}
                nativeID="field-4-input"
                onBlur={[Function]}
                onChangeText={[Function]}
                onFocus={[Function]}
                onKeyPress={[Function]}
                onSubmitEditing={[Function]}
                placeholder="Enter organization you belong to (if any)"
                placeholderTextColor="#a3a3a3"
                readOnly={false}
                required={false}
                returnKeyType="done"
                secureTextEntry={false}
                style={
                  {
                    "backgroundColor": "transparent",
                    "color": "#171717",
                    "flex": 1,
                    "fontFamily": undefined,
                    "fontSize": 16,
                    "fontStyle": "normal",
                    "fontWeight": "400",
                    "height": "100%",
                    "paddingBottom": 8,
                    "paddingLeft": 12,
                    "paddingRight": 12,
                    "paddingTop": 8,
                    "width": "100%",
                  }
                }
              />
            </View>
          </View>
        </View>
      </View>
      <View
        dataSet={{}}
        style={{}}
      />
      <View
        dataSet={{}}
        style={
          {
            "backgroundColor": "#d6d3d1",
            "height": 12,
            "width": "100%",
          }
        }
      />
      <View
        dataSet={{}}
        style={{}}
      />
      <View
        dataSet={{}}
        style={
          {
            "paddingLeft": 8,
            "paddingRight": 8,
          }
        }
      >
        <Text
          dataSet={{}}
          style={
            {
              "backgroundColor": undefined,
              "color": "#171717",
              "fontFamily": undefined,
              "fontSize": 16,
              "fontStyle": "normal",
              "fontWeight": "700",
              "letterSpacing": 0,
              "lineHeight": 20,
              "marginBottom": 4,
              "marginTop": 4,
              "textDecorationLine": undefined,
            }
          }
        >
          Prompts
        </Text>
        <View
          dataSet={{}}
          style={
            {
              "flexDirection": "row",
              "height": 40,
              "justifyContent": "space-between",
            }
          }
        >
          <Text
            dataSet={{}}
            style={
              {
                "backgroundColor": undefined,
                "color": "#171717",
                "fontFamily": undefined,
                "fontSize": 16,
                "fontStyle": "normal",
                "fontWeight": "400",
                "letterSpacing": 0,
                "lineHeight": 24,
                "marginTop": 12,
                "textDecorationLine": undefined,
              }
            }
          >
            Manual Coordinates Warning
          </Text>
          <View
            dataSet={{}}
            style={{}}
          />
          <RCTSwitch
            accessibilityRole="switch"
            activeThumbColor="#fafafa"
            colorScheme="primary"
            dataSet={{}}
            onChange={[Function]}
            onResponderTerminationRequest={[Function]}
            onStartShouldSetResponder={[Function]}
            onTintColor="#0891b2"
            style={
              [
                {
                  "height": 31,
                  "width": 51,
                },
                [
                  {},
                  {
                    "backgroundColor": "#d4d4d4",
                    "borderRadius": 16,
                  },
                ],
              ]
            }
            testID="settings-screen-show-gps-warning"
            thumbTintColor="#fafafa"
            tintColor="#d4d4d4"
            value={true}
          />
        </View>
      </View>
      <View
        dataSet={{}}
        style={{}}
      />
      <View
        dataSet={{}}
        style={
          {
            "backgroundColor": "#d6d3d1",
            "height": 12,
            "width": "100%",
          }
        }
      />
      <View
        dataSet={{}}
        style={{}}
      />
      <View
        dataSet={{}}
        style={
          {
            "paddingLeft": 8,
            "paddingRight": 8,
          }
        }
      >
        <Text
          dataSet={{}}
          style={
            {
              "backgroundColor": undefined,
              "color": "#171717",
              "fontFamily": undefined,
              "fontSize": 16,
              "fontStyle": "normal",
              "fontWeight": "700",
              "letterSpacing": 0,
              "lineHeight": 20,
              "marginBottom": 4,
              "marginTop": 4,
              "textDecorationLine": undefined,
            }
          }
        >
          Theme
        </Text>
        <View
          dataSet={{}}
          style={
            {
              "flexDirection": "row",
              "height": 40,
              "justifyContent": "space-between",
            }
          }
        >
          <Text
            dataSet={{}}
            style={
              {
                "backgroundColor": undefined,
                "color": "#171717",
                "fontFamily": undefined,
                "fontSize": 16,
                "fontStyle": "normal",
                "fontWeight": "400",
                "letterSpacing": 0,
                "lineHeight": 24,
                "marginTop": 12,
                "textDecorationLine": undefined,
              }
            }
          >
            Dark
          </Text>
          <View
            dataSet={{}}
            style={{}}
          />
          <RCTSwitch
            accessibilityRole="switch"
            activeThumbColor="#fafafa"
            colorScheme="primary"
            dataSet={{}}
            onChange={[Function]}
            onResponderTerminationRequest={[Function]}
            onStartShouldSetResponder={[Function]}
            onTintColor="#0891b2"
            style={
              [
                {
                  "height": 31,
                  "width": 51,
                },
                [
                  {},
                  {
                    "backgroundColor": "#d4d4d4",
                    "borderRadius": 16,
                  },
                ],
              ]
            }
            testID="Dark Mode"
            thumbTintColor="#fafafa"
            tintColor="#d4d4d4"
            value={false}
          />
        </View>
      </View>
      <View
        dataSet={{}}
        style={{}}
      />
      <View
        dataSet={{}}
        style={
          {
            "backgroundColor": "#d6d3d1",
            "height": 12,
            "width": "100%",
          }
        }
      />
      <View
        dataSet={{}}
        style={{}}
      />
      <View
        dataSet={{}}
        style={
          {
            "paddingLeft": 8,
            "paddingRight": 8,
          }
        }
      >
        <Text
          dataSet={{}}
          style={
            {
              "backgroundColor": undefined,
              "color": "#171717",
              "fontFamily": undefined,
              "fontSize": 16,
              "fontStyle": "normal",
              "fontWeight": "700",
              "letterSpacing": 0,
              "lineHeight": 20,
              "marginBottom": 4,
              "marginTop": 4,
              "textDecorationLine": undefined,
            }
          }
        >
          Disk Usage
        </Text>
        <View
          dataSet={{}}
          style={
            {
              "flexDirection": "row",
              "height": 40,
              "justifyContent": "space-between",
            }
          }
        >
          <Text
            dataSet={{}}
            style={
              {
                "backgroundColor": undefined,
                "color": "#171717",
                "fontFamily": undefined,
                "fontSize": 16,
                "fontStyle": "normal",
                "fontWeight": "400",
                "letterSpacing": 0,
                "lineHeight": 24,
                "marginTop": 12,
                "textDecorationLine": undefined,
              }
            }
          >
            Calculating
          </Text>
          <View
            dataSet={{}}
            style={{}}
          />
          <View
            dataSet={{}}
            style={{}}
          />
          <View
            accessibilityRole="button"
            accessibilityState={
              {
                "busy": undefined,
                "checked": undefined,
                "disabled": undefined,
                "expanded": undefined,
                "selected": undefined,
              }
            }
            accessibilityValue={
              {
                "max": undefined,
                "min": undefined,
                "now": undefined,
                "text": undefined,
              }
            }
            accessible={true}
            collapsable={false}
            colorScheme="primary"
            dataSet={{}}
            focusable={true}
            onBlur={[Function]}
            onClick={[Function]}
            onFocus={[Function]}
            onResponderGrant={[Function]}
            onResponderMove={[Function]}
            onResponderRelease={[Function]}
            onResponderTerminate={[Function]}
            onResponderTerminationRequest={[Function]}
            onStartShouldSetResponder={[Function]}
            style={
              {
                "alignItems": "center",
                "backgroundColor": "#0891b2",
                "borderRadius": 4,
                "flexDirection": "row",
                "height": 32,
                "justifyContent": "center",
                "paddingBottom": 4,
                "paddingLeft": 12,
                "paddingRight": 12,
                "paddingTop": 4,
              }
            }
          >
            <View
              dataSet={{}}
              style={
                {
                  "alignItems": "center",
                  "flexDirection": "row",
                }
              }
              test={true}
            >
              <View
                dataSet={{}}
                style={{}}
              >
                <Text
                  dataSet={{}}
                  style={
                    {
                      "backgroundColor": undefined,
                      "color": "#fafafa",
                      "fontFamily": undefined,
                      "fontSize": 14,
                      "fontStyle": "normal",
                      "fontWeight": "400",
                      "letterSpacing": 0,
                      "lineHeight": 21,
                      "textDecorationLine": undefined,
                    }
                  }
                >
                  Delete
                </Text>
              </View>
            </View>
          </View>
        </View>
      </View>
    </View>
  </View>
  <View
    collapsable={false}
    pointerEvents="box-none"
    style={
      [
        {
          "bottom": 0,
          "left": 0,
          "position": "absolute",
          "right": 0,
          "top": 0,
        },
        {
          "display": "none",
        },
      ]
    }
  >
    <View
      collapsable={false}
      pointerEvents="none"
      style={
        {
          "bottom": 0,
          "left": 0,
          "opacity": 0,
          "position": "absolute",
          "right": 0,
          "top": 0,
          "transform": [
            {
              "translateY": 0,
            },
            {
              "translateX": 0,
            },
            {
              "scale": 1,
            },
            {
              "scaleX": 1,
            },
            {
              "scaleY": 1,
            },
            {
              "rotate": "0deg",
            },
          ],
        }
      }
    >
      <View
        accessibilityState={
          {
            "busy": undefined,
            "checked": undefined,
            "disabled": undefined,
            "expanded": undefined,
            "selected": undefined,
          }
        }
        accessibilityValue={
          {
            "max": undefined,
            "min": undefined,
            "now": undefined,
            "text": undefined,
          }
        }
        accessible={false}
        collapsable={false}
        dataSet={{}}
        focusable={true}
        importantForAccessibility="no"
        onBlur={[Function]}
        onClick={[Function]}
        onFocus={[Function]}
        onResponderGrant={[Function]}
        onResponderMove={[Function]}
        onResponderRelease={[Function]}
        onResponderTerminate={[Function]}
        onResponderTerminationRequest={[Function]}
        onStartShouldSetResponder={[Function]}
        style={
          {
            "backgroundColor": "rgb(0, 0, 0)",
            "bottom": 0,
            "left": 0,
            "opacity": 0.3,
            "position": "absolute",
            "right": 0,
            "top": 0,
          }
        }
      />
    </View>
    <View
      collapsable={false}
      pointerEvents="none"
      style={
        {
          "bottom": 0,
          "left": 0,
          "opacity": 0,
          "position": "absolute",
          "right": 0,
          "top": 0,
          "transform": [
            {
              "translateY": 0,
            },
            {
              "translateX": 0,
            },
            {
              "scale": 1,
            },
            {
              "scaleX": 1,
            },
            {
              "scaleY": 1,
            },
            {
              "rotate": "0deg",
            },
          ],
        }
      }
    >
      <View
        closeOnOverlayClick={true}
        dataSet={{}}
        pointerEvents="box-none"
        style={
          {
            "alignItems": "center",
            "height": "100%",
            "justifyContent": "center",
            "width": "100%",
          }
        }
        testID="disk-usage-delete-photos-modal"
      >
        <View
          accessibilityViewIsModal={true}
          aria-modal="true"
          dataSet={{}}
          onAccessibilityEscape={[Function]}
          style={
            {
              "backgroundColor": "#fafafa",
              "borderRadius": 8,
              "elevation": 2,
              "maxHeight": 1184,
              "maxWidth": 320,
              "overflow": "hidden",
              "shadowColor": "#000000",
              "shadowOffset": {
                "height": 1,
                "width": 0,
              },
              "shadowOpacity": 0.2,
              "shadowRadius": 1.41,
              "width": "65%",
            }
          }
        >
          <View
            accessibilityRole="button"
            accessibilityState={
              {
                "busy": undefined,
                "checked": undefined,
                "disabled": undefined,
                "expanded": undefined,
                "selected": undefined,
              }
            }
            accessibilityValue={
              {
                "max": undefined,
                "min": undefined,
                "now": undefined,
                "text": undefined,
              }
            }
            accessible={true}
            collapsable={false}
            colorScheme="coolGray"
            dataSet={{}}
            focusable={true}
            onBlur={[Function]}
            onClick={[Function]}
            onFocus={[Function]}
            onResponderGrant={[Function]}
            onResponderMove={[Function]}
            onResponderRelease={[Function]}
            onResponderTerminate={[Function]}
            onResponderTerminationRequest={[Function]}
            onStartShouldSetResponder={[Function]}
            style={
              {
                "backgroundColor": "transparent",
                "borderRadius": 4,
                "paddingBottom": 8,
                "paddingLeft": 8,
                "paddingRight": 8,
                "paddingTop": 8,
                "position": "absolute",
                "right": 12,
                "top": 12,
                "zIndex": 1,
              }
            }
          >
            <RNSVGSvgView
              accessibilityRole="image"
              align="xMidYMid"
              bbHeight="16"
              bbWidth="16"
              dataSet={{}}
              focusable={false}
              meetOrSlice={0}
              minX={0}
              minY={0}
              stroke=""
              style={
                [
                  {
                    "backgroundColor": "transparent",
                    "borderWidth": 0,
                  },
                  {
                    "color": "#737373",
                    "height": 16,
                    "width": 16,
                  },
                  {
                    "flex": 0,
                    "height": 16,
                    "width": 16,
                  },
                ]
              }
              tintColor="#737373"
              vbHeight={24}
              vbWidth={24}
            >
              <RNSVGGroup
                propList={
                  [
                    "stroke",
                  ]
                }
                stroke={null}
              >
                <RNSVGGroup>
                  <RNSVGPath
                    d="M12 9.77778L4.22222 2L2 4.22222L9.77778 12L2 19.7778L4.22222 22L12 14.2222L19.7778 22L22 19.7778L14.2222 12L22 4.22222L19.7778 2L12 9.77778Z"
                    fill={
                      {
                        "type": 2,
                      }
                    }
                    propList={
                      [
                        "fill",
                        "stroke",
                      ]
                    }
                    stroke={null}
                  />
                </RNSVGGroup>
              </RNSVGGroup>
            </RNSVGSvgView>
          </View>
          <View
            dataSet={{}}
            style={
              {
                "backgroundColor": "#fafafa",
                "borderBottomWidth": 1,
                "borderColor": "#d4d4d4",
                "paddingBottom": 16,
                "paddingLeft": 16,
                "paddingRight": 16,
                "paddingTop": 16,
              }
            }
          >
            <Text
              dataSet={{}}
              style={
                {
                  "backgroundColor": undefined,
                  "color": "#171717",
                  "fontFamily": undefined,
                  "fontSize": 16,
                  "fontStyle": "normal",
                  "fontWeight": "600",
                  "letterSpacing": 0,
                  "lineHeight": 20,
                  "textDecorationLine": undefined,
                }
              }
            >
              Confirm Delete
            </Text>
          </View>
          <RCTScrollView
            contentContainerStyle={
              [
                {},
                {
                  "dataSet": {},
                },
                {},
              ]
            }
            dataSet={{}}
            style={{}}
          >
            <View>
              <View
                dataSet={{}}
                style={
                  {
                    "paddingBottom": 16,
                    "paddingLeft": 16,
                    "paddingRight": 16,
                    "paddingTop": 16,
                  }
                }
              >
                <Text
                  dataSet={{}}
                  style={
                    {
                      "backgroundColor": undefined,
                      "color": "#171717",
                      "fontFamily": undefined,
                      "fontSize": 14,
                      "fontStyle": "normal",
                      "fontWeight": "400",
                      "letterSpacing": 0,
                      "lineHeight": 21,
                      "textDecorationLine": undefined,
                    }
                  }
                >
                  Are you sure you want to delete saved photos?
                </Text>
              </View>
            </View>
          </RCTScrollView>
          <View
            dataSet={{}}
            style={
              {
                "backgroundColor": "#fafafa",
                "borderColor": "#d4d4d4",
                "borderTopWidth": 1,
                "flexDirection": "row",
                "flexWrap": "wrap",
                "justifyContent": "flex-end",
                "paddingBottom": 16,
                "paddingLeft": 16,
                "paddingRight": 16,
                "paddingTop": 16,
              }
            }
          >
            <View
              dataSet={{}}
              style={
                {
                  "flexDirection": "row",
                }
              }
            >
              <View
                accessibilityRole="button"
                accessibilityState={
                  {
                    "busy": undefined,
                    "checked": undefined,
                    "disabled": undefined,
                    "expanded": undefined,
                    "selected": undefined,
                  }
                }
                accessibilityValue={
                  {
                    "max": undefined,
                    "min": undefined,
                    "now": undefined,
                    "text": undefined,
                  }
                }
                accessible={true}
                collapsable={false}
                colorScheme="blueGray"
                dataSet={{}}
                focusable={true}
                onBlur={[Function]}
                onClick={[Function]}
                onFocus={[Function]}
                onResponderGrant={[Function]}
                onResponderMove={[Function]}
                onResponderRelease={[Function]}
                onResponderTerminate={[Function]}
                onResponderTerminationRequest={[Function]}
                onStartShouldSetResponder={[Function]}
                style={
                  {
                    "alignItems": "center",
                    "borderRadius": 4,
                    "flexDirection": "row",
                    "justifyContent": "center",
                    "paddingBottom": 10,
                    "paddingLeft": 12,
                    "paddingRight": 12,
                    "paddingTop": 10,
                  }
                }
                testID="modal-no-button"
              >
                <View
                  dataSet={{}}
                  style={
                    {
                      "alignItems": "center",
                      "flexDirection": "row",
                    }
                  }
                  test={true}
                >
                  <View
                    dataSet={{}}
                    style={{}}
                  >
                    <Text
                      dataSet={{}}
                      style={
                        {
                          "backgroundColor": undefined,
                          "color": "#475569",
                          "fontFamily": undefined,
                          "fontSize": 14,
                          "fontStyle": "normal",
                          "fontWeight": "400",
                          "letterSpacing": 0,
                          "lineHeight": 21,
                          "textDecorationLine": undefined,
                        }
                      }
                    >
                      Cancel
                    </Text>
                  </View>
                </View>
              </View>
              <View
                dataSet={{}}
                style={
                  {
                    "width": 8,
                  }
                }
              />
              <View
                accessibilityRole="button"
                accessibilityState={
                  {
                    "busy": undefined,
                    "checked": undefined,
                    "disabled": undefined,
                    "expanded": undefined,
                    "selected": undefined,
                  }
                }
                accessibilityValue={
                  {
                    "max": undefined,
                    "min": undefined,
                    "now": undefined,
                    "text": undefined,
                  }
                }
                accessible={true}
                collapsable={false}
                colorScheme="primary"
                dataSet={{}}
                focusable={true}
                onBlur={[Function]}
                onClick={[Function]}
                onFocus={[Function]}
                onResponderGrant={[Function]}
                onResponderMove={[Function]}
                onResponderRelease={[Function]}
                onResponderTerminate={[Function]}
                onResponderTerminationRequest={[Function]}
                onStartShouldSetResponder={[Function]}
                style={
                  {
                    "alignItems": "center",
                    "backgroundColor": "#0891b2",
                    "borderRadius": 4,
                    "flexDirection": "row",
                    "justifyContent": "center",
                    "paddingBottom": 10,
                    "paddingLeft": 12,
                    "paddingRight": 12,
                    "paddingTop": 10,
                  }
                }
                testID="modal-confirm-button"
              >
                <View
                  dataSet={{}}
                  style={
                    {
                      "alignItems": "center",
                      "flexDirection": "row",
                    }
                  }
                  test={true}
                >
                  <View
                    dataSet={{}}
                    style={{}}
                  >
                    <Text
                      dataSet={{}}
                      style={
                        {
                          "backgroundColor": undefined,
                          "color": "#fafafa",
                          "fontFamily": undefined,
                          "fontSize": 14,
                          "fontStyle": "normal",
                          "fontWeight": "400",
                          "letterSpacing": 0,
                          "lineHeight": 21,
                          "textDecorationLine": undefined,
                        }
                      }
                    >
                      Confirm
                    </Text>
                  </View>
                </View>
              </View>
            </View>
          </View>
        </View>
      </View>
    </View>
  </View>
</RNCSafeAreaProvider>
`;
