// Jest Snapshot v1, https://goo.gl/fbAQLP

exports[`TimelineScreen test suite renders 1`] = `
<RNCSafeAreaProvider
  onInsetsChange={[Function]}
  style={
    [
      {
        "flex": 1,
      },
      undefined,
    ]
  }
>
  <Text
    dataSet={{}}
    style={
      {
        "backgroundColor": undefined,
        "color": "#171717",
        "fontFamily": undefined,
        "fontSize": 14,
        "fontStyle": "normal",
        "fontWeight": "600",
        "letterSpacing": 0,
        "lineHeight": 21,
        "textAlign": "center",
        "textDecorationLine": undefined,
      }
    }
  >
    Idle
  </Text>
  <RCTScrollView
    ListEmptyComponent={[Function]}
    contentContainerStyle={
      [
        {},
        {
          "dataSet": {},
        },
        {},
      ]
    }
    data={[]}
    dataSet={{}}
    getItem={[Function]}
    getItemCount={[Function]}
    keyExtractor={[Function]}
    onContentSizeChange={[Function]}
    onEndReached={[Function]}
    onEndReachedThreshold={5}
    onLayout={[Function]}
    onMomentumScrollBegin={[Function]}
    onMomentumScrollEnd={[Function]}
    onRefresh={[Function]}
    onScroll={[Function]}
    onScrollBeginDrag={[Function]}
    onScrollEndDrag={[Function]}
    refreshControl={
      <RefreshControlMock
        onRefresh={[Function]}
        refreshing={false}
      />
    }
    refreshing={false}
    removeClippedSubviews={false}
    renderItem={[Function]}
    scrollEventThrottle={50}
    stickyHeaderIndices={[]}
    style={{}}
    testID="timeline-screen-flatlist"
    viewabilityConfigCallbackPairs={[]}
  >
    <RCTRefreshControl />
    <View>
      <View
        dataSet={{}}
        style={
          {
            "backgroundColor": "#34d399",
            "width": "100%",
          }
        }
      >
        <Text
          dataSet={{}}
          style={
            {
              "backgroundColor": undefined,
              "color": "#171717",
              "fontFamily": undefined,
              "fontSize": 14,
              "fontStyle": "normal",
              "fontWeight": "600",
              "letterSpacing": 0,
              "lineHeight": 21,
              "textAlign": "center",
              "textDecorationLine": undefined,
            }
          }
        >
          Example Record
        </Text>
      </View>
      <View
        accessibilityState={
          {
            "busy": undefined,
            "checked": undefined,
            "disabled": undefined,
            "expanded": undefined,
            "selected": undefined,
          }
        }
        accessibilityValue={
          {
            "max": undefined,
            "min": undefined,
            "now": undefined,
            "text": undefined,
          }
        }
        accessible={true}
        collapsable={false}
        dataSet={{}}
        focusable={true}
        onBlur={[Function]}
        onClick={[Function]}
        onFocus={[Function]}
        onResponderGrant={[Function]}
        onResponderMove={[Function]}
        onResponderRelease={[Function]}
        onResponderTerminate={[Function]}
        onResponderTerminationRequest={[Function]}
        onStartShouldSetResponder={[Function]}
        style={{}}
        testID="1234"
      >
        <View
          dataSet={{}}
          style={
            {
              "paddingBottom": 4,
              "paddingLeft": 8,
              "paddingRight": 8,
              "paddingTop": 4,
            }
          }
        >
          <View
            dataSet={{}}
            style={{}}
          >
            <View
              dataSet={{}}
              style={
                {
                  "flexDirection": "row",
                }
              }
            >
              <View
                dataSet={{}}
                style={
                  {
                    "width": "15%",
                  }
                }
              >
                <View
                  dataSet={{}}
                  style={
                    {
                      "alignItems": "center",
                      "backgroundColor": "#f0abfc",
                      "borderColor": "#27272a",
                      "borderRadius": 9999,
                      "height": 48,
                      "justifyContent": "center",
                      "marginTop": 4,
                      "position": "relative",
                      "width": 48,
                    }
                  }
                >
                  <Text
                    dataSet={{}}
                    style={
                      {
                        "backgroundColor": undefined,
                        "color": "#fafafa",
                        "fontFamily": undefined,
                        "fontSize": 16,
                        "fontStyle": "normal",
                        "fontWeight": "600",
                        "letterSpacing": 0,
                        "lineHeight": 24,
                        "textDecorationLine": undefined,
                      }
                    }
                  >
                    HI
                  </Text>
                </View>
              </View>
              <View
                dataSet={{}}
                style={
                  {
                    "paddingRight": 4,
                    "width": "78%",
                  }
                }
              >
                <View
                  dataSet={{}}
                  style={
                    {
                      "marginLeft": 8,
                    }
                  }
                >
                  <Text
                    dataSet={{}}
                    style={
                      {
                        "backgroundColor": undefined,
                        "color": "#171717",
                        "fontFamily": undefined,
                        "fontSize": 14,
                        "fontStyle": "normal",
                        "fontWeight": "600",
                        "letterSpacing": 0,
                        "lineHeight": 21,
                        "textDecorationLine": undefined,
                      }
                    }
                  >
                    Helpful Individual
                  </Text>
                  <View
                    dataSet={{}}
                    style={{}}
                  />
                  <Text
                    dataSet={{}}
                    style={
                      {
                        "backgroundColor": undefined,
                        "color": "#171717",
                        "fontFamily": undefined,
                        "fontSize": 14,
                        "fontStyle": "normal",
                        "fontWeight": "400",
                        "letterSpacing": 0,
                        "lineHeight": 21,
                        "textDecorationLine": undefined,
                      }
                    }
                  >
                    Community Scientist
                  </Text>
                  <View
                    dataSet={{}}
                    style={{}}
                  />
                  <Text
                    dataSet={{}}
                    style={
                      {
                        "backgroundColor": undefined,
                        "color": "#db2777",
                        "fontFamily": undefined,
                        "fontSize": 14,
                        "fontStyle": "normal",
                        "fontWeight": "700",
                        "letterSpacing": 0,
                        "lineHeight": 21,
                        "textDecorationLine": undefined,
                      }
                    }
                  >
                    Sample, 2022-04-01
                  </Text>
                </View>
              </View>
              <View
                dataSet={{}}
                style={{}}
              />
              <View
                dataSet={{}}
                style={
                  {
                    "width": "7%",
                  }
                }
              />
            </View>
            <View
              dataSet={{}}
              style={{}}
            />
            <Text
              dataSet={{}}
              style={
                {
                  "backgroundColor": undefined,
                  "color": "#171717",
                  "fontFamily": undefined,
                  "fontSize": 14,
                  "fontStyle": "normal",
                  "fontWeight": "500",
                  "letterSpacing": 0,
                  "lineHeight": 21,
                  "textDecorationLine": undefined,
                }
              }
            >
              White Chuck Glacier, Glacier Peak Wilderness, WA
            </Text>
            <View
              dataSet={{}}
              style={{}}
            />
            <Text
              dataSet={{}}
              style={
                {
                  "backgroundColor": undefined,
                  "color": "#171717",
                  "fontFamily": undefined,
                  "fontSize": 14,
                  "fontStyle": "normal",
                  "fontWeight": "400",
                  "letterSpacing": 0,
                  "lineHeight": 21,
                  "textDecorationLine": undefined,
                }
              }
            >
              Dark red algae in runnels
            </Text>
          </View>
        </View>
        <Image
          accessibilityLabel="static image"
          alt="static image"
          dataSet={{}}
          onError={[Function]}
          source={1}
          style={
            {
              "maxWidth": "100%",
            }
          }
        />
      </View>
      <View
        dataSet={{}}
        style={
          {
            "backgroundColor": "#d6d3d1",
            "height": 12,
            "width": "100%",
          }
        }
      />
    </View>
  </RCTScrollView>
</RNCSafeAreaProvider>
`;
