// Jest Snapshot v1, https://goo.gl/fbAQLP

exports[`TimelineScreen test suite renders 1`] = `
<RNCSafeAreaProvider
  onInsetsChange={[Function]}
  style={
    Array [
      Object {
        "flex": 1,
      },
      undefined,
    ]
  }
>
  <View
    collapsable={false}
    style={
      Object {
        "backgroundColor": "rgba(214, 211, 209, 1)",
      }
    }
  >
    <Text
      dataSet={Object {}}
      style={
        Object {
          "backgroundColor": undefined,
          "color": "#171717",
          "fontFamily": undefined,
          "fontSize": 14,
          "fontStyle": "normal",
          "fontWeight": "400",
          "letterSpacing": 0,
          "lineHeight": 21,
          "textAlign": "center",
          "textDecorationLine": undefined,
        }
      }
    >
      No Internet Connection
    </Text>
  </View>
  <RCTScrollView
    ListEmptyComponent={[Function]}
    contentContainerStyle={
      Array [
        Object {},
        Object {
          "dataSet": Object {},
        },
        Object {},
      ]
    }
    data={Array []}
    dataSet={Object {}}
    getItem={[Function]}
    getItemCount={[Function]}
    keyExtractor={[Function]}
    onContentSizeChange={[Function]}
    onEndReached={[Function]}
    onEndReachedThreshold={5}
    onLayout={[Function]}
    onMomentumScrollBegin={[Function]}
    onMomentumScrollEnd={[Function]}
    onRefresh={[Function]}
    onScroll={[Function]}
    onScrollBeginDrag={[Function]}
    onScrollEndDrag={[Function]}
    refreshControl={
      <RefreshControlMock
        onRefresh={[Function]}
        refreshing={false}
      />
    }
    refreshing={false}
    removeClippedSubviews={false}
    renderItem={[Function]}
    scrollEventThrottle={50}
    stickyHeaderIndices={Array []}
    style={Object {}}
    testID="timeline-screen-flatlist"
    viewabilityConfigCallbackPairs={Array []}
  >
    <RCTRefreshControl />
    <View>
      <View
        dataSet={Object {}}
        style={
          Object {
            "backgroundColor": "#a8a29e",
            "width": "100%",
          }
        }
      >
        <Text
          dataSet={Object {}}
          style={
            Object {
              "backgroundColor": undefined,
              "color": "#171717",
              "fontFamily": undefined,
              "fontSize": 14,
              "fontStyle": "normal",
              "fontWeight": "400",
              "letterSpacing": 0,
              "lineHeight": 21,
              "textAlign": "center",
              "textDecorationLine": undefined,
            }
          }
        >
          Example Record
        </Text>
      </View>
      <View
        accessible={true}
        collapsable={false}
        dataSet={Object {}}
        focusable={true}
        onBlur={[Function]}
        onClick={[Function]}
        onFocus={[Function]}
        onResponderGrant={[Function]}
        onResponderMove={[Function]}
        onResponderRelease={[Function]}
        onResponderTerminate={[Function]}
        onResponderTerminationRequest={[Function]}
        onStartShouldSetResponder={[Function]}
        style={Object {}}
        testID="1234"
      >
        <View
          dataSet={Object {}}
          style={
            Object {
              "paddingBottom": 4,
              "paddingLeft": 8,
              "paddingRight": 8,
              "paddingTop": 4,
            }
          }
        >
          <View
            dataSet={Object {}}
            style={Object {}}
          >
            <View
              dataSet={Object {}}
              style={
                Object {
                  "flexDirection": "row",
                }
              }
            >
              <View
                dataSet={Object {}}
                style={
                  Object {
                    "width": "15%",
                  }
                }
              >
                <View
                  dataSet={Object {}}
                  style={
                    Object {
                      "alignItems": "center",
                      "backgroundColor": "#f0abfc",
                      "borderColor": "#27272a",
                      "borderRadius": 9999,
                      "height": 48,
                      "justifyContent": "center",
                      "marginTop": 4,
                      "position": "relative",
                      "width": 48,
                    }
                  }
                >
                  <Text
                    dataSet={Object {}}
                    style={
                      Object {
                        "backgroundColor": undefined,
                        "color": "#fafafa",
                        "fontFamily": undefined,
                        "fontSize": 16,
                        "fontStyle": "normal",
                        "fontWeight": "600",
                        "letterSpacing": 0,
                        "lineHeight": 24,
                        "textDecorationLine": undefined,
                      }
                    }
                  >
                    HI
                  </Text>
                </View>
              </View>
              <View
                dataSet={Object {}}
                style={Object {}}
              />
              <View
                dataSet={Object {}}
                style={
                  Object {
                    "paddingRight": 4,
                    "width": "78%",
                  }
                }
              >
                <View
                  dataSet={Object {}}
                  style={
                    Object {
                      "marginLeft": 8,
                    }
                  }
                >
                  <Text
                    dataSet={Object {}}
                    style={
                      Object {
                        "backgroundColor": undefined,
                        "color": "#171717",
                        "fontFamily": undefined,
                        "fontSize": 14,
                        "fontStyle": "normal",
                        "fontWeight": "600",
                        "letterSpacing": 0,
                        "lineHeight": 21,
                        "textDecorationLine": undefined,
                      }
                    }
                  >
                    Helpful Individual
                  </Text>
                  <View
                    dataSet={Object {}}
                    style={Object {}}
                  />
                  <Text
                    dataSet={Object {}}
                    style={
                      Object {
                        "backgroundColor": undefined,
                        "color": "#171717",
                        "fontFamily": undefined,
                        "fontSize": 14,
                        "fontStyle": "normal",
                        "fontWeight": "400",
                        "letterSpacing": 0,
                        "lineHeight": 21,
                        "textDecorationLine": undefined,
                      }
                    }
                  >
                    Community Scientist
                  </Text>
                  <View
                    dataSet={Object {}}
                    style={Object {}}
                  />
                  <View
                    dataSet={Object {}}
                    style={
                      Object {
                        "flexDirection": "row",
                      }
                    }
                  >
                    <Text
                      dataSet={Object {}}
                      style={
                        Object {
                          "backgroundColor": undefined,
                          "color": "#1d4ed8",
                          "fontFamily": undefined,
                          "fontSize": 14,
                          "fontStyle": "normal",
                          "fontWeight": "700",
                          "letterSpacing": 0,
                          "lineHeight": 21,
                          "textDecorationLine": undefined,
                        }
                      }
                    >
                      Sample
                    </Text>
                    <View
                      dataSet={Object {}}
                      style={Object {}}
                    />
                    <Text
                      dataSet={Object {}}
                      style={
                        Object {
                          "backgroundColor": undefined,
                          "color": "#1d4ed8",
                          "fontFamily": undefined,
                          "fontSize": 14,
                          "fontStyle": "normal",
                          "fontWeight": "400",
                          "letterSpacing": 0,
                          "lineHeight": 21,
                          "textDecorationLine": undefined,
                        }
                      }
                    >
                       on 2022-04-01
                    </Text>
                  </View>
                </View>
              </View>
              <View
                dataSet={Object {}}
                style={Object {}}
              />
              <View
                dataSet={Object {}}
                style={
                  Object {
                    "width": "7%",
                  }
                }
              />
            </View>
            <View
              dataSet={Object {}}
              style={Object {}}
            />
            <Text
              dataSet={Object {}}
              style={
                Object {
                  "backgroundColor": undefined,
                  "color": "#171717",
                  "fontFamily": undefined,
                  "fontSize": 14,
                  "fontStyle": "normal",
                  "fontWeight": "500",
                  "letterSpacing": 0,
                  "lineHeight": 21,
                  "textDecorationLine": undefined,
                }
              }
            >
              White Chuck Glacier, Glacier Peak Wilderness, WA
            </Text>
            <View
              dataSet={Object {}}
              style={Object {}}
            />
            <Text
              dataSet={Object {}}
              style={
                Object {
                  "backgroundColor": undefined,
                  "color": "#171717",
                  "fontFamily": undefined,
                  "fontSize": 14,
                  "fontStyle": "normal",
                  "fontWeight": "400",
                  "letterSpacing": 0,
                  "lineHeight": 21,
                  "textDecorationLine": undefined,
                }
              }
            >
              Dark red algae in runnels
            </Text>
          </View>
        </View>
        <Image
          dataSet={Object {}}
          onError={[Function]}
          source={1}
          style={
            Object {
              "maxWidth": "100%",
            }
          }
        />
      </View>
      <View
        dataSet={Object {}}
        style={
          Object {
            "backgroundColor": "#d6d3d1",
            "height": 12,
            "width": "100%",
          }
        }
      />
    </View>
  </RCTScrollView>
</RNCSafeAreaProvider>
`;
