// Jest Snapshot v1, https://goo.gl/fbAQLP

exports[`TimelineScreen test suite renders 1`] = `
<View
  onLayout={[Function]}
  style={
    Object {
      "flex": 1,
    }
  }
  testID="timeline-screen-record-list-view"
>
  <View
    collapsable={false}
    style={
      Object {
        "backgroundColor": "rgba(211, 211, 211, 1)",
        "borderBottomWidth": 1,
      }
    }
  >
    <Text
      style={
        Object {
          "fontSize": 16,
          "textAlign": "center",
        }
      }
    >
      Idle
    </Text>
  </View>
  <RCTScrollView
    ItemSeparatorComponent={[Function]}
    ListEmptyComponent={[Function]}
    data={Array []}
    getItem={[Function]}
    getItemCount={[Function]}
    keyExtractor={[Function]}
    onContentSizeChange={[Function]}
    onEndReached={[Function]}
    onEndReachedThreshold={0.5}
    onLayout={[Function]}
    onMomentumScrollBegin={[Function]}
    onMomentumScrollEnd={[Function]}
    onRefresh={[Function]}
    onScroll={[Function]}
    onScrollBeginDrag={[Function]}
    onScrollEndDrag={[Function]}
    refreshControl={
      <RefreshControlMock
        onRefresh={[Function]}
        refreshing={false}
      />
    }
    refreshing={false}
    removeClippedSubviews={false}
    renderItem={[Function]}
    scrollEventThrottle={50}
    stickyHeaderIndices={Array []}
    testID="timeline-screen-flatlist"
    viewabilityConfigCallbackPairs={Array []}
  >
    <RCTRefreshControl />
    <View>
      <View
        style={
          Object {
            "backgroundColor": "lightgrey",
          }
        }
      >
        <Text
          style={
            Object {
              "fontSize": 16,
              "textAlign": "center",
            }
          }
        >
          Example Record
        </Text>
      </View>
      <View
        style={
          Object {
            "backgroundColor": "white",
            "paddingLeft": 2,
            "paddingRight": 2,
          }
        }
      >
        <View
          accessible={true}
          collapsable={false}
          focusable={true}
          onBlur={[Function]}
          onClick={[Function]}
          onFocus={[Function]}
          onResponderGrant={[Function]}
          onResponderMove={[Function]}
          onResponderRelease={[Function]}
          onResponderTerminate={[Function]}
          onResponderTerminationRequest={[Function]}
          onStartShouldSetResponder={[Function]}
          testID="1234"
        >
          <View
            style={
              Object {
                "flex": 1,
                "flexDirection": "row",
              }
            }
          >
            <View
              style={
                Object {
                  "flex": 0.7,
                  "marginLeft": 1,
                }
              }
            >
              <Text>
                2022-04-01
Helpful Individual (Community Scientist)
Coordinates: 48.06727, -121.12165
              </Text>
            </View>
            <View
              style={
                Object {
                  "flex": 0.15,
                  "marginLeft": 1,
                }
              }
            >
              <Text />
            </View>
            <View
              style={
                Object {
                  "flex": 0.15,
                  "marginLeft": 1,
                }
              }
            >
              <Text />
              <View
                style={
                  Object {
                    "alignItems": "center",
                    "alignSelf": "flex-end",
                    "backgroundColor": "red",
                    "borderRadius": 40,
                    "position": "absolute",
                    "right": 2,
                    "top": 1,
                    "width": "33%",
                  }
                }
              >
                <Text
                  style={
                    Object {
                      "color": "white",
                    }
                  }
                >
                  1
                </Text>
              </View>
            </View>
          </View>
          <Text>
            Location Description: White Chuck Glacier, Glacier Peak Wilderness, WA
Notes: Dark red algae in runnels
          </Text>
        </View>
      </View>
    </View>
  </RCTScrollView>
</View>
`;
